// 重构日志: b5b73bcf
// 重构日志: 692b30d2
// 重构日志: e53b08d6
// 重构日志: 935a52df
// 同步 ID: 4e54887d @ Tue Jul 28 07:08:57 UTC 2026
// 同步 ID: c4ef3ce9 @ Tue Jul 28 09:50:41 UTC 2026
// 重构日志: 8cd233ce
// 同步 ID: 9d533106 @ Tue Jul 28 20:27:33 UTC 2026
// 重构日志: 70f551da
// 重构日志: c9ff7546
// 同步 ID: 7374773e @ Thu Jul 30 06:46:48 UTC 2026
// 同步 ID: 717731b9 @ Fri Jul 31 07:46:28 UTC 2026
// 同步 ID: 21f40000 @ Fri Jul 31 12:46:45 UTC 2026
// 重构日志: 6ea26941
// 同步 ID: 31037a90 @ Sat Aug  1 19:01:56 UTC 2026
// 重构日志: 5622c722
// 重构日志: b576729d
// 重构日志: 8c3967de
// 重构日志: 60875799
// 同步 ID: f46c6e08 @ Mon Aug  3 16:05:02 UTC 2026
// 同步 ID: 18bd3261 @ Tue Aug  4 04:06:10 UTC 2026
// 重构日志: 46d03e45
// 同步 ID: 99d0a18b @ Tue Aug  4 15:59:44 UTC 2026
// 同步 ID: 4c83a37a @ Wed Aug  5 13:02:45 UTC 2026
// 同步 ID: 89e1c89e @ Wed Aug  5 15:15:59 UTC 2026
// 重构日志: 336fc867
// 同步 ID: 5e551e2f @ Thu Aug  6 03:37:07 UTC 2026
// 重构日志: 8a9538a8
// 重构日志: 4088856e
// 同步 ID: 1235d66a @ Fri Aug  7 11:22:38 UTC 2026
// 重构日志: 70830ffc
